------------------------------------------------------------
TimeQuest Timing Analyzer Summary
------------------------------------------------------------

Type  : Slow 1100mV 85C Model Setup 'clk'
Slack : -10.963
TNS   : -433.696

Type  : Slow 1100mV 85C Model Setup 'display:mainDisplay|CLKHALF'
Slack : -2.659
TNS   : -35.790

Type  : Slow 1100mV 85C Model Setup 'display:mainDisplay|VGA_Ctrl:controller|oVGA_HS'
Slack : -1.900
TNS   : -43.618

Type  : Slow 1100mV 85C Model Hold 'display:mainDisplay|VGA_Ctrl:controller|oVGA_HS'
Slack : 0.292
TNS   : 0.000

Type  : Slow 1100mV 85C Model Hold 'display:mainDisplay|CLKHALF'
Slack : 0.309
TNS   : 0.000

Type  : Slow 1100mV 85C Model Hold 'clk'
Slack : 0.368
TNS   : 0.000

Type  : Slow 1100mV 85C Model Minimum Pulse Width 'clk'
Slack : -0.796
TNS   : -33.463

Type  : Slow 1100mV 85C Model Minimum Pulse Width 'display:mainDisplay|VGA_Ctrl:controller|oVGA_HS'
Slack : -0.394
TNS   : -18.046

Type  : Slow 1100mV 85C Model Minimum Pulse Width 'display:mainDisplay|CLKHALF'
Slack : -0.394
TNS   : -11.702

Type  : Slow 1100mV 0C Model Setup 'clk'
Slack : -11.047
TNS   : -431.600

Type  : Slow 1100mV 0C Model Setup 'display:mainDisplay|CLKHALF'
Slack : -2.674
TNS   : -35.506

Type  : Slow 1100mV 0C Model Setup 'display:mainDisplay|VGA_Ctrl:controller|oVGA_HS'
Slack : -1.934
TNS   : -41.629

Type  : Slow 1100mV 0C Model Hold 'display:mainDisplay|VGA_Ctrl:controller|oVGA_HS'
Slack : 0.289
TNS   : 0.000

Type  : Slow 1100mV 0C Model Hold 'display:mainDisplay|CLKHALF'
Slack : 0.310
TNS   : 0.000

Type  : Slow 1100mV 0C Model Hold 'clk'
Slack : 0.371
TNS   : 0.000

Type  : Slow 1100mV 0C Model Minimum Pulse Width 'clk'
Slack : -0.797
TNS   : -36.264

Type  : Slow 1100mV 0C Model Minimum Pulse Width 'display:mainDisplay|VGA_Ctrl:controller|oVGA_HS'
Slack : -0.394
TNS   : -17.545

Type  : Slow 1100mV 0C Model Minimum Pulse Width 'display:mainDisplay|CLKHALF'
Slack : -0.394
TNS   : -11.550

Type  : Fast 1100mV 85C Model Setup 'clk'
Slack : -5.799
TNS   : -220.384

Type  : Fast 1100mV 85C Model Setup 'display:mainDisplay|CLKHALF'
Slack : -1.291
TNS   : -13.928

Type  : Fast 1100mV 85C Model Setup 'display:mainDisplay|VGA_Ctrl:controller|oVGA_HS'
Slack : -0.810
TNS   : -18.496

Type  : Fast 1100mV 85C Model Hold 'display:mainDisplay|VGA_Ctrl:controller|oVGA_HS'
Slack : 0.100
TNS   : 0.000

Type  : Fast 1100mV 85C Model Hold 'display:mainDisplay|CLKHALF'
Slack : 0.114
TNS   : 0.000

Type  : Fast 1100mV 85C Model Hold 'clk'
Slack : 0.200
TNS   : 0.000

Type  : Fast 1100mV 85C Model Minimum Pulse Width 'clk'
Slack : -0.701
TNS   : -6.176

Type  : Fast 1100mV 85C Model Minimum Pulse Width 'display:mainDisplay|VGA_Ctrl:controller|oVGA_HS'
Slack : -0.140
TNS   : -3.191

Type  : Fast 1100mV 85C Model Minimum Pulse Width 'display:mainDisplay|CLKHALF'
Slack : 0.099
TNS   : 0.000

Type  : Fast 1100mV 0C Model Setup 'clk'
Slack : -5.267
TNS   : -198.074

Type  : Fast 1100mV 0C Model Setup 'display:mainDisplay|CLKHALF'
Slack : -1.147
TNS   : -12.165

Type  : Fast 1100mV 0C Model Setup 'display:mainDisplay|VGA_Ctrl:controller|oVGA_HS'
Slack : -0.689
TNS   : -15.798

Type  : Fast 1100mV 0C Model Hold 'display:mainDisplay|VGA_Ctrl:controller|oVGA_HS'
Slack : 0.085
TNS   : 0.000

Type  : Fast 1100mV 0C Model Hold 'display:mainDisplay|CLKHALF'
Slack : 0.099
TNS   : 0.000

Type  : Fast 1100mV 0C Model Hold 'clk'
Slack : 0.187
TNS   : 0.000

Type  : Fast 1100mV 0C Model Minimum Pulse Width 'clk'
Slack : -0.672
TNS   : -6.238

Type  : Fast 1100mV 0C Model Minimum Pulse Width 'display:mainDisplay|VGA_Ctrl:controller|oVGA_HS'
Slack : -0.076
TNS   : -1.712

Type  : Fast 1100mV 0C Model Minimum Pulse Width 'display:mainDisplay|CLKHALF'
Slack : 0.119
TNS   : 0.000

------------------------------------------------------------
