------------------------------------------------------------
TimeQuest Timing Analyzer Summary
------------------------------------------------------------

Type  : Slow 1100mV 85C Model Setup 'clk'
Slack : -8.866
TNS   : -109.141

Type  : Slow 1100mV 85C Model Setup 'display:mainDisplay|CLKHALF'
Slack : -3.252
TNS   : -33.948

Type  : Slow 1100mV 85C Model Setup 'display:mainDisplay|VGA_Ctrl:controller|oVGA_HS'
Slack : -2.255
TNS   : -42.861

Type  : Slow 1100mV 85C Model Hold 'clk'
Slack : 0.011
TNS   : 0.000

Type  : Slow 1100mV 85C Model Hold 'display:mainDisplay|CLKHALF'
Slack : 0.315
TNS   : 0.000

Type  : Slow 1100mV 85C Model Hold 'display:mainDisplay|VGA_Ctrl:controller|oVGA_HS'
Slack : 0.420
TNS   : 0.000

Type  : Slow 1100mV 85C Model Minimum Pulse Width 'clk'
Slack : -0.959
TNS   : -7.936

Type  : Slow 1100mV 85C Model Minimum Pulse Width 'display:mainDisplay|VGA_Ctrl:controller|oVGA_HS'
Slack : -0.394
TNS   : -14.795

Type  : Slow 1100mV 85C Model Minimum Pulse Width 'display:mainDisplay|CLKHALF'
Slack : -0.394
TNS   : -11.858

Type  : Slow 1100mV 0C Model Setup 'clk'
Slack : -8.779
TNS   : -108.057

Type  : Slow 1100mV 0C Model Setup 'display:mainDisplay|CLKHALF'
Slack : -3.177
TNS   : -33.591

Type  : Slow 1100mV 0C Model Setup 'display:mainDisplay|VGA_Ctrl:controller|oVGA_HS'
Slack : -2.232
TNS   : -42.692

Type  : Slow 1100mV 0C Model Hold 'clk'
Slack : -0.220
TNS   : -0.220

Type  : Slow 1100mV 0C Model Hold 'display:mainDisplay|CLKHALF'
Slack : 0.310
TNS   : 0.000

Type  : Slow 1100mV 0C Model Hold 'display:mainDisplay|VGA_Ctrl:controller|oVGA_HS'
Slack : 0.416
TNS   : 0.000

Type  : Slow 1100mV 0C Model Minimum Pulse Width 'clk'
Slack : -0.955
TNS   : -8.468

Type  : Slow 1100mV 0C Model Minimum Pulse Width 'display:mainDisplay|VGA_Ctrl:controller|oVGA_HS'
Slack : -0.394
TNS   : -14.398

Type  : Slow 1100mV 0C Model Minimum Pulse Width 'display:mainDisplay|CLKHALF'
Slack : -0.394
TNS   : -11.660

Type  : Fast 1100mV 85C Model Setup 'clk'
Slack : -4.778
TNS   : -59.246

Type  : Fast 1100mV 85C Model Setup 'display:mainDisplay|CLKHALF'
Slack : -1.720
TNS   : -11.926

Type  : Fast 1100mV 85C Model Setup 'display:mainDisplay|VGA_Ctrl:controller|oVGA_HS'
Slack : -1.095
TNS   : -17.051

Type  : Fast 1100mV 85C Model Hold 'clk'
Slack : -0.197
TNS   : -0.197

Type  : Fast 1100mV 85C Model Hold 'display:mainDisplay|CLKHALF'
Slack : 0.094
TNS   : 0.000

Type  : Fast 1100mV 85C Model Hold 'display:mainDisplay|VGA_Ctrl:controller|oVGA_HS'
Slack : 0.171
TNS   : 0.000

Type  : Fast 1100mV 85C Model Minimum Pulse Width 'clk'
Slack : -0.840
TNS   : -2.308

Type  : Fast 1100mV 85C Model Minimum Pulse Width 'display:mainDisplay|VGA_Ctrl:controller|oVGA_HS'
Slack : -0.084
TNS   : -1.690

Type  : Fast 1100mV 85C Model Minimum Pulse Width 'display:mainDisplay|CLKHALF'
Slack : 0.099
TNS   : 0.000

Type  : Fast 1100mV 0C Model Setup 'clk'
Slack : -4.221
TNS   : -52.378

Type  : Fast 1100mV 0C Model Setup 'display:mainDisplay|CLKHALF'
Slack : -1.509
TNS   : -10.338

Type  : Fast 1100mV 0C Model Setup 'display:mainDisplay|VGA_Ctrl:controller|oVGA_HS'
Slack : -0.969
TNS   : -15.174

Type  : Fast 1100mV 0C Model Hold 'clk'
Slack : -0.373
TNS   : -1.366

Type  : Fast 1100mV 0C Model Hold 'display:mainDisplay|CLKHALF'
Slack : 0.080
TNS   : 0.000

Type  : Fast 1100mV 0C Model Hold 'display:mainDisplay|VGA_Ctrl:controller|oVGA_HS'
Slack : 0.155
TNS   : 0.000

Type  : Fast 1100mV 0C Model Minimum Pulse Width 'clk'
Slack : -0.786
TNS   : -2.245

Type  : Fast 1100mV 0C Model Minimum Pulse Width 'display:mainDisplay|VGA_Ctrl:controller|oVGA_HS'
Slack : -0.027
TNS   : -0.510

Type  : Fast 1100mV 0C Model Minimum Pulse Width 'display:mainDisplay|CLKHALF'
Slack : 0.116
TNS   : 0.000

------------------------------------------------------------
